Archive member included to satisfy reference by file (symbol)

c:/st/stm32cubeide_1.3.0/stm32cubeide/plugins/com.st.stm32cube.ide.mcu.externaltools.gnu-tools-for-stm32.7-2018-q2-update.win32_1.4.0.202007081208/tools/bin/../lib/gcc/arm-none-eabi/7.3.1/../../../../arm-none-eabi/lib/thumb/v7e-m/fpv4-sp/hard\libc_nano.a(lib_a-errno.o)
                              Core/Src/syscalls.o (__errno)
c:/st/stm32cubeide_1.3.0/stm32cubeide/plugins/com.st.stm32cube.ide.mcu.externaltools.gnu-tools-for-stm32.7-2018-q2-update.win32_1.4.0.202007081208/tools/bin/../lib/gcc/arm-none-eabi/7.3.1/../../../../arm-none-eabi/lib/thumb/v7e-m/fpv4-sp/hard\libc_nano.a(lib_a-exit.o)
                              c:/st/stm32cubeide_1.3.0/stm32cubeide/plugins/com.st.stm32cube.ide.mcu.externaltools.gnu-tools-for-stm32.7-2018-q2-update.win32_1.4.0.202007081208/tools/bin/../lib/gcc/arm-none-eabi/7.3.1/../../../../arm-none-eabi/lib/thumb/v7e-m/fpv4-sp/hard/crt0.o (exit)
c:/st/stm32cubeide_1.3.0/stm32cubeide/plugins/com.st.stm32cube.ide.mcu.externaltools.gnu-tools-for-stm32.7-2018-q2-update.win32_1.4.0.202007081208/tools/bin/../lib/gcc/arm-none-eabi/7.3.1/../../../../arm-none-eabi/lib/thumb/v7e-m/fpv4-sp/hard\libc_nano.a(lib_a-impure.o)
                              c:/st/stm32cubeide_1.3.0/stm32cubeide/plugins/com.st.stm32cube.ide.mcu.externaltools.gnu-tools-for-stm32.7-2018-q2-update.win32_1.4.0.202007081208/tools/bin/../lib/gcc/arm-none-eabi/7.3.1/../../../../arm-none-eabi/lib/thumb/v7e-m/fpv4-sp/hard\libc_nano.a(lib_a-exit.o) (_global_impure_ptr)
c:/st/stm32cubeide_1.3.0/stm32cubeide/plugins/com.st.stm32cube.ide.mcu.externaltools.gnu-tools-for-stm32.7-2018-q2-update.win32_1.4.0.202007081208/tools/bin/../lib/gcc/arm-none-eabi/7.3.1/../../../../arm-none-eabi/lib/thumb/v7e-m/fpv4-sp/hard\libc_nano.a(lib_a-init.o)
                              c:/st/stm32cubeide_1.3.0/stm32cubeide/plugins/com.st.stm32cube.ide.mcu.externaltools.gnu-tools-for-stm32.7-2018-q2-update.win32_1.4.0.202007081208/tools/bin/../lib/gcc/arm-none-eabi/7.3.1/../../../../arm-none-eabi/lib/thumb/v7e-m/fpv4-sp/hard/crt0.o (__libc_init_array)
c:/st/stm32cubeide_1.3.0/stm32cubeide/plugins/com.st.stm32cube.ide.mcu.externaltools.gnu-tools-for-stm32.7-2018-q2-update.win32_1.4.0.202007081208/tools/bin/../lib/gcc/arm-none-eabi/7.3.1/../../../../arm-none-eabi/lib/thumb/v7e-m/fpv4-sp/hard\libc_nano.a(lib_a-memset.o)
                              c:/st/stm32cubeide_1.3.0/stm32cubeide/plugins/com.st.stm32cube.ide.mcu.externaltools.gnu-tools-for-stm32.7-2018-q2-update.win32_1.4.0.202007081208/tools/bin/../lib/gcc/arm-none-eabi/7.3.1/../../../../arm-none-eabi/lib/thumb/v7e-m/fpv4-sp/hard/crt0.o (memset)
c:/st/stm32cubeide_1.3.0/stm32cubeide/plugins/com.st.stm32cube.ide.mcu.externaltools.gnu-tools-for-stm32.7-2018-q2-update.win32_1.4.0.202007081208/tools/bin/../lib/gcc/arm-none-eabi/7.3.1/thumb/v7e-m/fpv4-sp/hard\libgcc.a(_arm_addsubdf3.o)
                              Core/Src/main.o (__aeabi_dsub)
c:/st/stm32cubeide_1.3.0/stm32cubeide/plugins/com.st.stm32cube.ide.mcu.externaltools.gnu-tools-for-stm32.7-2018-q2-update.win32_1.4.0.202007081208/tools/bin/../lib/gcc/arm-none-eabi/7.3.1/thumb/v7e-m/fpv4-sp/hard\libgcc.a(_arm_muldivdf3.o)
                              Core/Src/main.o (__aeabi_dmul)
c:/st/stm32cubeide_1.3.0/stm32cubeide/plugins/com.st.stm32cube.ide.mcu.externaltools.gnu-tools-for-stm32.7-2018-q2-update.win32_1.4.0.202007081208/tools/bin/../lib/gcc/arm-none-eabi/7.3.1/thumb/v7e-m/fpv4-sp/hard\libgcc.a(_arm_cmpdf2.o)
                              Core/Src/main.o (__aeabi_dcmplt)
c:/st/stm32cubeide_1.3.0/stm32cubeide/plugins/com.st.stm32cube.ide.mcu.externaltools.gnu-tools-for-stm32.7-2018-q2-update.win32_1.4.0.202007081208/tools/bin/../lib/gcc/arm-none-eabi/7.3.1/thumb/v7e-m/fpv4-sp/hard\libgcc.a(_arm_fixunsdfsi.o)
                              Core/Src/main.o (__aeabi_d2uiz)

Allocating common symbols
Common symbol       size              file

rx_buffer           0x100             Core/Src/main.o
tx_buffer           0x20              Core/Src/main.o
mode                0x1               Core/Src/main.o

Discarded input sections

 .text          0x0000000000000000        0x0 c:/st/stm32cubeide_1.3.0/stm32cubeide/plugins/com.st.stm32cube.ide.mcu.externaltools.gnu-tools-for-stm32.7-2018-q2-update.win32_1.4.0.202007081208/tools/bin/../lib/gcc/arm-none-eabi/7.3.1/thumb/v7e-m/fpv4-sp/hard/crti.o
 .data          0x0000000000000000        0x0 c:/st/stm32cubeide_1.3.0/stm32cubeide/plugins/com.st.stm32cube.ide.mcu.externaltools.gnu-tools-for-stm32.7-2018-q2-update.win32_1.4.0.202007081208/tools/bin/../lib/gcc/arm-none-eabi/7.3.1/thumb/v7e-m/fpv4-sp/hard/crti.o
 .bss           0x0000000000000000        0x0 c:/st/stm32cubeide_1.3.0/stm32cubeide/plugins/com.st.stm32cube.ide.mcu.externaltools.gnu-tools-for-stm32.7-2018-q2-update.win32_1.4.0.202007081208/tools/bin/../lib/gcc/arm-none-eabi/7.3.1/thumb/v7e-m/fpv4-sp/hard/crti.o
[...]
Memory Configuration

Name             Origin             Length             Attributes
CCMRAM           0x0000000010000000 0x0000000000001000 xrw
RAM              0x0000000020000000 0x0000000000003000 xrw
FLASH            0x0000000008000000 0x0000000000010000 xr
*default*        0x0000000000000000 0xffffffffffffffff

Linker script and memory map

LOAD c:/st/stm32cubeide_1.3.0/stm32cubeide/plugins/com.st.stm32cube.ide.mcu.externaltools.gnu-tools-for-stm32.7-2018-q2-update.win32_1.4.0.202007081208/tools/bin/../lib/gcc/arm-none-eabi/7.3.1/thumb/v7e-m/fpv4-sp/hard/crti.o
LOAD c:/st/stm32cubeide_1.3.0/stm32cubeide/plugins/com.st.stm32cube.ide.mcu.externaltools.gnu-tools-for-stm32.7-2018-q2-update.win32_1.4.0.202007081208/tools/bin/../lib/gcc/arm-none-eabi/7.3.1/thumb/v7e-m/fpv4-sp/hard/crtbegin.o
LOAD c:/st/stm32cubeide_1.3.0/stm32cubeide/plugins/com.st.stm32cube.ide.mcu.externaltools.gnu-tools-for-stm32.7-2018-q2-update.win32_1.4.0.202007081208/tools/bin/../lib/gcc/arm-none-eabi/7.3.1/../../../../arm-none-eabi/lib/thumb/v7e-m/fpv4-sp/hard/crt0.o
LOAD Core/Src/main.o
LOAD Core/Src/stm32f3xx_it.o
LOAD Core/Src/syscalls.o
LOAD Core/Src/sysmem.o
LOAD Core/Src/system_stm32f3xx.o
LOAD Core/Startup/startup_stm32f303k8tx.o
LOAD Drivers/STM32F3xx_HAL_Driver/Src/stm32f3xx_ll_dma.o
LOAD Drivers/STM32F3xx_HAL_Driver/Src/stm32f3xx_ll_exti.o
LOAD Drivers/STM32F3xx_HAL_Driver/Src/stm32f3xx_ll_gpio.o
LOAD Drivers/STM32F3xx_HAL_Driver/Src/stm32f3xx_ll_rcc.o
LOAD Drivers/STM32F3xx_HAL_Driver/Src/stm32f3xx_ll_tim.o
LOAD Drivers/STM32F3xx_HAL_Driver/Src/stm32f3xx_ll_usart.o
LOAD Drivers/STM32F3xx_HAL_Driver/Src/stm32f3xx_ll_utils.o
START GROUP
LOAD c:/st/stm32cubeide_1.3.0/stm32cubeide/plugins/com.st.stm32cube.ide.mcu.externaltools.gnu-tools-for-stm32.7-2018-q2-update.win32_1.4.0.202007081208/tools/bin/../lib/gcc/arm-none-eabi/7.3.1/../../../../arm-none-eabi/lib/thumb/v7e-m/fpv4-sp/hard\libc_nano.a
LOAD c:/st/stm32cubeide_1.3.0/stm32cubeide/plugins/com.st.stm32cube.ide.mcu.externaltools.gnu-tools-for-stm32.7-2018-q2-update.win32_1.4.0.202007081208/tools/bin/../lib/gcc/arm-none-eabi/7.3.1/../../../../arm-none-eabi/lib/thumb/v7e-m/fpv4-sp/hard\libm.a
END GROUP
START GROUP
LOAD c:/st/stm32cubeide_1.3.0/stm32cubeide/plugins/com.st.stm32cube.ide.mcu.externaltools.gnu-tools-for-stm32.7-2018-q2-update.win32_1.4.0.202007081208/tools/bin/../lib/gcc/arm-none-eabi/7.3.1/thumb/v7e-m/fpv4-sp/hard\libgcc.a
LOAD c:/st/stm32cubeide_1.3.0/stm32cubeide/plugins/com.st.stm32cube.ide.mcu.externaltools.gnu-tools-for-stm32.7-2018-q2-update.win32_1.4.0.202007081208/tools/bin/../lib/gcc/arm-none-eabi/7.3.1/../../../../arm-none-eabi/lib/thumb/v7e-m/fpv4-sp/hard\libc_nano.a
END GROUP
START GROUP
LOAD c:/st/stm32cubeide_1.3.0/stm32cubeide/plugins/com.st.stm32cube.ide.mcu.externaltools.gnu-tools-for-stm32.7-2018-q2-update.win32_1.4.0.202007081208/tools/bin/../lib/gcc/arm-none-eabi/7.3.1/thumb/v7e-m/fpv4-sp/hard\libgcc.a
LOAD c:/st/stm32cubeide_1.3.0/stm32cubeide/plugins/com.st.stm32cube.ide.mcu.externaltools.gnu-tools-for-stm32.7-2018-q2-update.win32_1.4.0.202007081208/tools/bin/../lib/gcc/arm-none-eabi/7.3.1/../../../../arm-none-eabi/lib/thumb/v7e-m/fpv4-sp/hard\libc_nano.a
LOAD c:/st/stm32cubeide_1.3.0/stm32cubeide/plugins/com.st.stm32cube.ide.mcu.externaltools.gnu-tools-for-stm32.7-2018-q2-update.win32_1.4.0.202007081208/tools/bin/../lib/gcc/arm-none-eabi/7.3.1/../../../../arm-none-eabi/lib/thumb/v7e-m/fpv4-sp/hard\libnosys.a
END GROUP
START GROUP
LOAD c:/st/stm32cubeide_1.3.0/stm32cubeide/plugins/com.st.stm32cube.ide.mcu.externaltools.gnu-tools-for-stm32.7-2018-q2-update.win32_1.4.0.202007081208/tools/bin/../lib/gcc/arm-none-eabi/7.3.1/thumb/v7e-m/fpv4-sp/hard\libgcc.a
LOAD c:/st/stm32cubeide_1.3.0/stm32cubeide/plugins/com.st.stm32cube.ide.mcu.externaltools.gnu-tools-for-stm32.7-2018-q2-update.win32_1.4.0.202007081208/tools/bin/../lib/gcc/arm-none-eabi/7.3.1/../../../../arm-none-eabi/lib/thumb/v7e-m/fpv4-sp/hard\libc_nano.a
LOAD c:/st/stm32cubeide_1.3.0/stm32cubeide/plugins/com.st.stm32cube.ide.mcu.externaltools.gnu-tools-for-stm32.7-2018-q2-update.win32_1.4.0.202007081208/tools/bin/../lib/gcc/arm-none-eabi/7.3.1/../../../../arm-none-eabi/lib/thumb/v7e-m/fpv4-sp/hard\libnosys.a
END GROUP
LOAD c:/st/stm32cubeide_1.3.0/stm32cubeide/plugins/com.st.stm32cube.ide.mcu.externaltools.gnu-tools-for-stm32.7-2018-q2-update.win32_1.4.0.202007081208/tools/bin/../lib/gcc/arm-none-eabi/7.3.1/thumb/v7e-m/fpv4-sp/hard/crtend.o
LOAD c:/st/stm32cubeide_1.3.0/stm32cubeide/plugins/com.st.stm32cube.ide.mcu.externaltools.gnu-tools-for-stm32.7-2018-q2-update.win32_1.4.0.202007081208/tools/bin/../lib/gcc/arm-none-eabi/7.3.1/thumb/v7e-m/fpv4-sp/hard/crtn.o
                0x0000000020003000                _estack = (ORIGIN (RAM) + LENGTH (RAM))
                0x0000000000000200                _Min_Heap_Size = 0x200
                0x0000000000000400                _Min_Stack_Size = 0x400

.isr_vector     0x0000000008000000      0x188
                0x0000000008000000                . = ALIGN (0x4)
 *(.isr_vector)
 .isr_vector    0x0000000008000000      0x188 Core/Startup/startup_stm32f303k8tx.o
                0x0000000008000000                g_pfnVectors
                0x0000000008000188                . = ALIGN (0x4)

.text           0x0000000008000188     0x2420
                0x0000000008000188                . = ALIGN (0x4)
 *(.text)
 .text          0x0000000008000188       0x40 c:/st/stm32cubeide_1.3.0/stm32cubeide/plugins/com.st.stm32cube.ide.mcu.externaltools.gnu-tools-for-stm32.7-2018-q2-update.win32_1.4.0.202007081208/tools/bin/../lib/gcc/arm-none-eabi/7.3.1/thumb/v7e-m/fpv4-sp/hard/crtbegin.o
 .text          0x00000000080001c8      0x378 c:/st/stm32cubeide_1.3.0/stm32cubeide/plugins/com.st.stm32cube.ide.mcu.externaltools.gnu-tools-for-stm32.7-2018-q2-update.win32_1.4.0.202007081208/tools/bin/../lib/gcc/arm-none-eabi/7.3.1/thumb/v7e-m/fpv4-sp/hard\libgcc.a(_arm_addsubdf3.o)
                0x00000000080001c8                __aeabi_drsub
                0x00000000080001d0                __aeabi_dsub
                0x00000000080001d0                __subdf3
                0x00000000080001d4                __aeabi_dadd
                0x00000000080001d4                __adddf3
                0x000000000800044c                __floatunsidf
                0x000000000800044c                __aeabi_ui2d
                0x000000000800046c                __floatsidf
                0x000000000800046c                __aeabi_i2d
                0x0000000008000490                __aeabi_f2d
                0x0000000008000490                __extendsfdf2
                0x00000000080004d4                __floatundidf
                0x00000000080004d4                __aeabi_ul2d
                0x00000000080004e4                __floatdidf
                0x00000000080004e4                __aeabi_l2d
 .text          0x0000000008000540      0x424 c:/st/stm32cubeide_1.3.0/stm32cubeide/plugins/com.st.stm32cube.ide.mcu.externaltools.gnu-tools-for-stm32.7-2018-q2-update.win32_1.4.0.202007081208/tools/bin/../lib/gcc/arm-none-eabi/7.3.1/thumb/v7e-m/fpv4-sp/hard\libgcc.a(_arm_muldivdf3.o)
                0x0000000008000540                __aeabi_dmul
                0x0000000008000540                __muldf3
                0x0000000008000794                __divdf3
                0x0000000008000794                __aeabi_ddiv
 .text          0x0000000008000964      0x110 c:/st/stm32cubeide_1.3.0/stm32cubeide/plugins/com.st.stm32cube.ide.mcu.externaltools.gnu-tools-for-stm32.7-2018-q2-update.win32_1.4.0.202007081208/tools/bin/../lib/gcc/arm-none-eabi/7.3.1/thumb/v7e-m/fpv4-sp/hard\libgcc.a(_arm_cmpdf2.o)
                0x0000000008000964                __gtdf2
                0x0000000008000964                __gedf2
                0x000000000800096c                __ltdf2
                0x000000000800096c                __ledf2
                0x0000000008000974                __nedf2
                0x0000000008000974                __eqdf2
                0x0000000008000974                __cmpdf2
                0x00000000080009f0                __aeabi_cdrcmple
                0x0000000008000a00                __aeabi_cdcmpeq
                0x0000000008000a00                __aeabi_cdcmple
                0x0000000008000a10                __aeabi_dcmpeq
                0x0000000008000a24                __aeabi_dcmplt
                0x0000000008000a38                __aeabi_dcmple
                0x0000000008000a4c                __aeabi_dcmpge
                0x0000000008000a60                __aeabi_dcmpgt
 .text          0x0000000008000a74       0x40 c:/st/stm32cubeide_1.3.0/stm32cubeide/plugins/com.st.stm32cube.ide.mcu.externaltools.gnu-tools-for-stm32.7-2018-q2-update.win32_1.4.0.202007081208/tools/bin/../lib/gcc/arm-none-eabi/7.3.1/thumb/v7e-m/fpv4-sp/hard\libgcc.a(_arm_fixunsdfsi.o)
                0x0000000008000a74                __aeabi_d2uiz
                0x0000000008000a74                __fixunsdfsi
 *(.text*)
 .text.__NVIC_SetPriorityGrouping
                0x0000000008000ab4       0x48 Core/Src/main.o
 .text.__NVIC_GetPriorityGrouping
                0x0000000008000afc       0x1c Core/Src/main.o
 .text.__NVIC_EnableIRQ
                0x0000000008000b18       0x3c Core/Src/main.o
 .text.__NVIC_SetPriority
                0x0000000008000b54       0x54 Core/Src/main.o
 .text.NVIC_EncodePriority
                0x0000000008000ba8       0x66 Core/Src/main.o
 *fill*         0x0000000008000c0e        0x2 
 .text.LL_DMA_SetDataTransferDirection
                0x0000000008000c10       0x4c Core/Src/main.o
 .text.LL_DMA_SetMode
                0x0000000008000c5c       0x48 Core/Src/main.o
 .text.LL_DMA_SetPeriphIncMode
                0x0000000008000ca4       0x48 Core/Src/main.o
 .text.LL_DMA_SetMemoryIncMode
                0x0000000008000cec       0x48 Core/Src/main.o
 .text.LL_DMA_SetPeriphSize
                0x0000000008000d34       0x48 Core/Src/main.o
 .text.LL_DMA_SetMemorySize
                0x0000000008000d7c       0x48 Core/Src/main.o
 .text.LL_DMA_SetChannelPriorityLevel
                0x0000000008000dc4       0x48 Core/Src/main.o
 .text.LL_RCC_HSI_Enable
                0x0000000008000e0c       0x20 Core/Src/main.o
 .text.LL_RCC_HSI_IsReady
                0x0000000008000e2c       0x24 Core/Src/main.o
 .text.LL_RCC_HSI_SetCalibTrimming
                0x0000000008000e50       0x2c Core/Src/main.o
 .text.LL_RCC_SetSysClkSource
                0x0000000008000e7c       0x28 Core/Src/main.o
 .text.LL_RCC_GetSysClkSource
                0x0000000008000ea4       0x1c Core/Src/main.o
 .text.LL_RCC_SetAHBPrescaler
                0x0000000008000ec0       0x28 Core/Src/main.o
 .text.LL_RCC_SetAPB1Prescaler
                0x0000000008000ee8       0x28 Core/Src/main.o
 .text.LL_RCC_SetAPB2Prescaler
                0x0000000008000f10       0x28 Core/Src/main.o
 .text.LL_AHB1_GRP1_EnableClock
                0x0000000008000f38       0x30 Core/Src/main.o
 .text.LL_APB1_GRP1_EnableClock
                0x0000000008000f68       0x30 Core/Src/main.o
 .text.LL_APB2_GRP1_EnableClock
                0x0000000008000f98       0x30 Core/Src/main.o
 .text.LL_FLASH_SetLatency
                0x0000000008000fc8       0x28 Core/Src/main.o
 .text.LL_FLASH_GetLatency
                0x0000000008000ff0       0x1c Core/Src/main.o
 .text.LL_TIM_DisableARRPreload
                0x000000000800100c       0x20 Core/Src/main.o
 .text.LL_TIM_EnableIT_UPDATE
                0x000000000800102c       0x20 Core/Src/main.o
 .text.LL_USART_Enable
                0x000000000800104c       0x20 Core/Src/main.o
 .text.LL_USART_ConfigAsyncMode
                0x000000000800106c       0x2c Core/Src/main.o
 .text.LL_USART_DisableIT_CTS
                0x0000000008001098       0x20 Core/Src/main.o
 .text.LL_GPIO_ResetOutputPin
                0x00000000080010b8       0x1c Core/Src/main.o
 .text.my_memcpy
                0x00000000080010d4       0x54 Core/Src/main.o
                0x00000000080010d4                my_memcpy
 .text.one_sec_delayed
                0x0000000008001128       0x48 Core/Src/main.o
                0x0000000008001128                one_sec_delayed
 .text.dec_to_char
                0x0000000008001170      0x116 Core/Src/main.o
                0x0000000008001170                dec_to_char
 *fill*         0x0000000008001286        0x2 
 .text.float_to_char
                0x0000000008001288      0x23c Core/Src/main.o
                0x0000000008001288                float_to_char
 *fill*         0x00000000080014c4        0x4 
 .text.define_next_str
                0x00000000080014c8      0x134 Core/Src/main.o
                0x00000000080014c8                define_next_str
 .text.main     0x00000000080015fc      0x120 Core/Src/main.o
                0x00000000080015fc                main
 .text.SystemClock_Config
                0x000000000800171c       0x64 Core/Src/main.o
                0x000000000800171c                SystemClock_Config
 .text.MX_TIM17_Init
                0x0000000008001780       0x70 Core/Src/main.o
 .text.MX_USART2_UART_Init
                0x00000000080017f0      0x158 Core/Src/main.o
 .text.MX_DMA_Init
                0x0000000008001948       0x4e Core/Src/main.o
 *fill*         0x0000000008001996        0x2 
 .text.MX_GPIO_Init
                0x0000000008001998       0x60 Core/Src/main.o
 .text.NMI_Handler
                0x00000000080019f8        0xe Core/Src/stm32f3xx_it.o
                0x00000000080019f8                NMI_Handler
 .text.HardFault_Handler
                0x0000000008001a06        0x6 Core/Src/stm32f3xx_it.o
                0x0000000008001a06                HardFault_Handler
 .text.MemManage_Handler
                0x0000000008001a0c        0x6 Core/Src/stm32f3xx_it.o
                0x0000000008001a0c                MemManage_Handler
 .text.BusFault_Handler
                0x0000000008001a12        0x6 Core/Src/stm32f3xx_it.o
                0x0000000008001a12                BusFault_Handler
 .text.UsageFault_Handler
                0x0000000008001a18        0x6 Core/Src/stm32f3xx_it.o
                0x0000000008001a18                UsageFault_Handler
 .text.SVC_Handler
                0x0000000008001a1e        0xe Core/Src/stm32f3xx_it.o
                0x0000000008001a1e                SVC_Handler
 .text.DebugMon_Handler
                0x0000000008001a2c        0xe Core/Src/stm32f3xx_it.o
                0x0000000008001a2c                DebugMon_Handler
 .text.PendSV_Handler
                0x0000000008001a3a        0xe Core/Src/stm32f3xx_it.o
                0x0000000008001a3a                PendSV_Handler
 .text.SysTick_Handler
                0x0000000008001a48        0xe Core/Src/stm32f3xx_it.o
                0x0000000008001a48                SysTick_Handler
 *fill*         0x0000000008001a56        0x2 
 .text.DMA1_Channel6_IRQHandler
                0x0000000008001a58       0x54 Core/Src/stm32f3xx_it.o
                0x0000000008001a58                DMA1_Channel6_IRQHandler
 .text.DMA1_Channel7_IRQHandler
                0x0000000008001aac       0x3c Core/Src/stm32f3xx_it.o
                0x0000000008001aac                DMA1_Channel7_IRQHandler
 .text.TIM1_TRG_COM_TIM17_IRQHandler
                0x0000000008001ae8       0x30 Core/Src/stm32f3xx_it.o
                0x0000000008001ae8                TIM1_TRG_COM_TIM17_IRQHandler
 .text.USART2_IRQHandler
                0x0000000008001b18        0xe Core/Src/stm32f3xx_it.o
                0x0000000008001b18                USART2_IRQHandler
 *fill*         0x0000000008001b26        0x2 
 .text.SystemInit
                0x0000000008001b28       0x2c Core/Src/system_stm32f3xx.o
                0x0000000008001b28                SystemInit
 .text.Reset_Handler
                0x0000000008001b54       0x50 Core/Startup/startup_stm32f303k8tx.o
                0x0000000008001b54                Reset_Handler
 .text.Default_Handler
                0x0000000008001ba4        0x2 Core/Startup/startup_stm32f303k8tx.o
                0x0000000008001ba4                RTC_Alarm_IRQHandler
                0x0000000008001ba4                TIM1_CC_IRQHandler
                0x0000000008001ba4                PVD_IRQHandler
                0x0000000008001ba4                TAMP_STAMP_IRQHandler
                0x0000000008001ba4                EXTI3_IRQHandler
                0x0000000008001ba4                EXTI0_IRQHandler
                0x0000000008001ba4                FPU_IRQHandler
                0x0000000008001ba4                CAN_TX_IRQHandler
                0x0000000008001ba4                TIM1_UP_TIM16_IRQHandler
                0x0000000008001ba4                ADC1_2_IRQHandler
                0x0000000008001ba4                SPI1_IRQHandler
                0x0000000008001ba4                CAN_SCE_IRQHandler
                0x0000000008001ba4                DMA1_Channel4_IRQHandler
                0x0000000008001ba4                USART3_IRQHandler
                0x0000000008001ba4                TIM7_DAC2_IRQHandler
                0x0000000008001ba4                CAN_RX1_IRQHandler
                0x0000000008001ba4                I2C1_EV_IRQHandler
                0x0000000008001ba4                TIM3_IRQHandler
                0x0000000008001ba4                RCC_IRQHandler
                0x0000000008001ba4                DMA1_Channel1_IRQHandler
                0x0000000008001ba4                Default_Handler
                0x0000000008001ba4                EXTI15_10_IRQHandler
                0x0000000008001ba4                COMP2_IRQHandler
                0x0000000008001ba4                TIM6_DAC1_IRQHandler
                0x0000000008001ba4                EXTI9_5_IRQHandler
                0x0000000008001ba4                RTC_WKUP_IRQHandler
                0x0000000008001ba4                DMA1_Channel5_IRQHandler
                0x0000000008001ba4                EXTI4_IRQHandler
                0x0000000008001ba4                DMA1_Channel3_IRQHandler
                0x0000000008001ba4                WWDG_IRQHandler
                0x0000000008001ba4                TIM2_IRQHandler
                0x0000000008001ba4                EXTI1_IRQHandler
                0x0000000008001ba4                COMP4_6_IRQHandler
                0x0000000008001ba4                DMA1_Channel2_IRQHandler
                0x0000000008001ba4                FLASH_IRQHandler
                0x0000000008001ba4                USART1_IRQHandler
                0x0000000008001ba4                CAN_RX0_IRQHandler
                0x0000000008001ba4                I2C1_ER_IRQHandler
                0x0000000008001ba4                EXTI2_TSC_IRQHandler
                0x0000000008001ba4                TIM1_BRK_TIM15_IRQHandler
 .text.LL_GPIO_SetPinMode
                0x0000000008001ba6       0x5e Drivers/STM32F3xx_HAL_Driver/Src/stm32f3xx_ll_gpio.o
 .text.LL_GPIO_SetPinOutputType
                0x0000000008001c04       0x30 Drivers/STM32F3xx_HAL_Driver/Src/stm32f3xx_ll_gpio.o
 .text.LL_GPIO_SetPinSpeed
                0x0000000008001c34       0x5e Drivers/STM32F3xx_HAL_Driver/Src/stm32f3xx_ll_gpio.o
 .text.LL_GPIO_SetPinPull
                0x0000000008001c92       0x5e Drivers/STM32F3xx_HAL_Driver/Src/stm32f3xx_ll_gpio.o
 .text.LL_GPIO_SetAFPin_0_7
                0x0000000008001cf0       0x5e Drivers/STM32F3xx_HAL_Driver/Src/stm32f3xx_ll_gpio.o
 .text.LL_GPIO_SetAFPin_8_15
                0x0000000008001d4e       0x62 Drivers/STM32F3xx_HAL_Driver/Src/stm32f3xx_ll_gpio.o
 .text.LL_GPIO_Init
                0x0000000008001db0       0xe0 Drivers/STM32F3xx_HAL_Driver/Src/stm32f3xx_ll_gpio.o
                0x0000000008001db0                LL_GPIO_Init
 .text.LL_RCC_HSI_IsReady
                0x0000000008001e90       0x24 Drivers/STM32F3xx_HAL_Driver/Src/stm32f3xx_ll_rcc.o
 .text.LL_RCC_LSE_IsReady
                0x0000000008001eb4       0x24 Drivers/STM32F3xx_HAL_Driver/Src/stm32f3xx_ll_rcc.o
 .text.LL_RCC_GetSysClkSource
                0x0000000008001ed8       0x1c Drivers/STM32F3xx_HAL_Driver/Src/stm32f3xx_ll_rcc.o
 .text.LL_RCC_GetAHBPrescaler
                0x0000000008001ef4       0x1c Drivers/STM32F3xx_HAL_Driver/Src/stm32f3xx_ll_rcc.o
 .text.LL_RCC_GetAPB1Prescaler
                0x0000000008001f10       0x1c Drivers/STM32F3xx_HAL_Driver/Src/stm32f3xx_ll_rcc.o
 .text.LL_RCC_GetAPB2Prescaler
                0x0000000008001f2c       0x1c Drivers/STM32F3xx_HAL_Driver/Src/stm32f3xx_ll_rcc.o
 .text.LL_RCC_GetUSARTClockSource
                0x0000000008001f48       0x2c Drivers/STM32F3xx_HAL_Driver/Src/stm32f3xx_ll_rcc.o
 .text.LL_RCC_PLL_GetMainSource
                0x0000000008001f74       0x1c Drivers/STM32F3xx_HAL_Driver/Src/stm32f3xx_ll_rcc.o
 .text.LL_RCC_PLL_GetMultiplicator
                0x0000000008001f90       0x1c Drivers/STM32F3xx_HAL_Driver/Src/stm32f3xx_ll_rcc.o
 .text.LL_RCC_PLL_GetPrediv
                0x0000000008001fac       0x1c Drivers/STM32F3xx_HAL_Driver/Src/stm32f3xx_ll_rcc.o
 .text.LL_RCC_GetSystemClocksFreq
                0x0000000008001fc8       0x4a Drivers/STM32F3xx_HAL_Driver/Src/stm32f3xx_ll_rcc.o
                0x0000000008001fc8                LL_RCC_GetSystemClocksFreq
 *fill*         0x0000000008002012        0x2 
 .text.LL_RCC_GetUSARTClockFreq
                0x0000000008002014       0x80 Drivers/STM32F3xx_HAL_Driver/Src/stm32f3xx_ll_rcc.o
                0x0000000008002014                LL_RCC_GetUSARTClockFreq
 .text.RCC_GetSystemClockFreq
                0x0000000008002094       0x44 Drivers/STM32F3xx_HAL_Driver/Src/stm32f3xx_ll_rcc.o
                0x0000000008002094                RCC_GetSystemClockFreq
 .text.RCC_GetHCLKClockFreq
                0x00000000080020d8       0x2c Drivers/STM32F3xx_HAL_Driver/Src/stm32f3xx_ll_rcc.o
                0x00000000080020d8                RCC_GetHCLKClockFreq
 .text.RCC_GetPCLK1ClockFreq
                0x0000000008002104       0x28 Drivers/STM32F3xx_HAL_Driver/Src/stm32f3xx_ll_rcc.o
                0x0000000008002104                RCC_GetPCLK1ClockFreq
 .text.RCC_GetPCLK2ClockFreq
                0x000000000800212c       0x28 Drivers/STM32F3xx_HAL_Driver/Src/stm32f3xx_ll_rcc.o
                0x000000000800212c                RCC_GetPCLK2ClockFreq
 .text.RCC_PLL_GetFreqDomain_SYS
                0x0000000008002154       0x7c Drivers/STM32F3xx_HAL_Driver/Src/stm32f3xx_ll_rcc.o
                0x0000000008002154                RCC_PLL_GetFreqDomain_SYS
 .text.LL_TIM_SetPrescaler
                0x00000000080021d0       0x1c Drivers/STM32F3xx_HAL_Driver/Src/stm32f3xx_ll_tim.o
 .text.LL_TIM_SetAutoReload
                0x00000000080021ec       0x1c Drivers/STM32F3xx_HAL_Driver/Src/stm32f3xx_ll_tim.o
 .text.LL_TIM_SetRepetitionCounter
                0x0000000008002208       0x1c Drivers/STM32F3xx_HAL_Driver/Src/stm32f3xx_ll_tim.o
 .text.LL_TIM_GenerateEvent_UPDATE
                0x0000000008002224       0x20 Drivers/STM32F3xx_HAL_Driver/Src/stm32f3xx_ll_tim.o
 .text.LL_TIM_Init
                0x0000000008002244       0xe4 Drivers/STM32F3xx_HAL_Driver/Src/stm32f3xx_ll_tim.o
                0x0000000008002244                LL_TIM_Init
 .text.LL_USART_IsEnabled
                0x0000000008002328       0x26 Drivers/STM32F3xx_HAL_Driver/Src/stm32f3xx_ll_usart.o
 .text.LL_USART_SetStopBitsLength
                0x000000000800234e       0x26 Drivers/STM32F3xx_HAL_Driver/Src/stm32f3xx_ll_usart.o
 .text.LL_USART_SetHWFlowCtrl
                0x0000000008002374       0x26 Drivers/STM32F3xx_HAL_Driver/Src/stm32f3xx_ll_usart.o
 .text.LL_USART_SetBaudRate
                0x000000000800239a       0x64 Drivers/STM32F3xx_HAL_Driver/Src/stm32f3xx_ll_usart.o
 *fill*         0x00000000080023fe        0x2 
 .text.LL_USART_Init
                0x0000000008002400       0xd8 Drivers/STM32F3xx_HAL_Driver/Src/stm32f3xx_ll_usart.o
                0x0000000008002400                LL_USART_Init
 .text.LL_InitTick
                0x00000000080024d8       0x34 Drivers/STM32F3xx_HAL_Driver/Src/stm32f3xx_ll_utils.o
 .text.LL_Init1msTick
                0x000000000800250c       0x1a Drivers/STM32F3xx_HAL_Driver/Src/stm32f3xx_ll_utils.o
                0x000000000800250c                LL_Init1msTick
 *fill*         0x0000000008002526        0x2 
 .text.LL_SetSystemCoreClock
                0x0000000008002528       0x20 Drivers/STM32F3xx_HAL_Driver/Src/stm32f3xx_ll_utils.o
                0x0000000008002528                LL_SetSystemCoreClock
 .text.__libc_init_array
                0x0000000008002548       0x48 c:/st/stm32cubeide_1.3.0/stm32cubeide/plugins/com.st.stm32cube.ide.mcu.externaltools.gnu-tools-for-stm32.7-2018-q2-update.win32_1.4.0.202007081208/tools/bin/../lib/gcc/arm-none-eabi/7.3.1/../../../../arm-none-eabi/lib/thumb/v7e-m/fpv4-sp/hard\libc_nano.a(lib_a-init.o)
                0x0000000008002548                __libc_init_array
 *(.glue_7)
 .glue_7        0x0000000008002590        0x0 linker stubs
 *(.glue_7t)
 .glue_7t       0x0000000008002590        0x0 linker stubs
 *(.eh_frame)
 .eh_frame      0x0000000008002590        0x0 c:/st/stm32cubeide_1.3.0/stm32cubeide/plugins/com.st.stm32cube.ide.mcu.externaltools.gnu-tools-for-stm32.7-2018-q2-update.win32_1.4.0.202007081208/tools/bin/../lib/gcc/arm-none-eabi/7.3.1/thumb/v7e-m/fpv4-sp/hard/crtbegin.o
 *(.init)
 .init          0x0000000008002590        0x4 c:/st/stm32cubeide_1.3.0/stm32cubeide/plugins/com.st.stm32cube.ide.mcu.externaltools.gnu-tools-for-stm32.7-2018-q2-update.win32_1.4.0.202007081208/tools/bin/../lib/gcc/arm-none-eabi/7.3.1/thumb/v7e-m/fpv4-sp/hard/crti.o
                0x0000000008002590                _init
 .init          0x0000000008002594        0x8 c:/st/stm32cubeide_1.3.0/stm32cubeide/plugins/com.st.stm32cube.ide.mcu.externaltools.gnu-tools-for-stm32.7-2018-q2-update.win32_1.4.0.202007081208/tools/bin/../lib/gcc/arm-none-eabi/7.3.1/thumb/v7e-m/fpv4-sp/hard/crtn.o
 *(.fini)
 .fini          0x000000000800259c        0x4 c:/st/stm32cubeide_1.3.0/stm32cubeide/plugins/com.st.stm32cube.ide.mcu.externaltools.gnu-tools-for-stm32.7-2018-q2-update.win32_1.4.0.202007081208/tools/bin/../lib/gcc/arm-none-eabi/7.3.1/thumb/v7e-m/fpv4-sp/hard/crti.o
                0x000000000800259c                _fini
 .fini          0x00000000080025a0        0x8 c:/st/stm32cubeide_1.3.0/stm32cubeide/plugins/com.st.stm32cube.ide.mcu.externaltools.gnu-tools-for-stm32.7-2018-q2-update.win32_1.4.0.202007081208/tools/bin/../lib/gcc/arm-none-eabi/7.3.1/thumb/v7e-m/fpv4-sp/hard/crtn.o
                0x00000000080025a8                . = ALIGN (0x4)
                0x00000000080025a8                _etext = .

.vfp11_veneer   0x00000000080025a8        0x0
 .vfp11_veneer  0x00000000080025a8        0x0 linker stubs

.v4_bx          0x00000000080025a8        0x0
 .v4_bx         0x00000000080025a8        0x0 linker stubs

.iplt           0x00000000080025a8        0x0
 .iplt          0x00000000080025a8        0x0 c:/st/stm32cubeide_1.3.0/stm32cubeide/plugins/com.st.stm32cube.ide.mcu.externaltools.gnu-tools-for-stm32.7-2018-q2-update.win32_1.4.0.202007081208/tools/bin/../lib/gcc/arm-none-eabi/7.3.1/thumb/v7e-m/fpv4-sp/hard/crtbegin.o

.rodata         0x00000000080025a8       0x74
                0x00000000080025a8                . = ALIGN (0x4)
 *(.rodata)
 .rodata        0x00000000080025a8       0x51 Core/Src/main.o
 *(.rodata*)
 *fill*         0x00000000080025f9        0x3 
 .rodata.CHANNEL_OFFSET_TAB
                0x00000000080025fc        0x7 Core/Src/main.o
 *fill*         0x0000000008002603        0x1 
 .rodata.AHBPrescTable
                0x0000000008002604       0x10 Core/Src/system_stm32f3xx.o
                0x0000000008002604                AHBPrescTable
 .rodata.APBPrescTable
                0x0000000008002614        0x8 Core/Src/system_stm32f3xx.o
                0x0000000008002614                APBPrescTable
                0x000000000800261c                . = ALIGN (0x4)

.rel.dyn        0x000000000800261c        0x0
 .rel.iplt      0x000000000800261c        0x0 c:/st/stm32cubeide_1.3.0/stm32cubeide/plugins/com.st.stm32cube.ide.mcu.externaltools.gnu-tools-for-stm32.7-2018-q2-update.win32_1.4.0.202007081208/tools/bin/../lib/gcc/arm-none-eabi/7.3.1/thumb/v7e-m/fpv4-sp/hard/crtbegin.o

.ARM.extab      0x000000000800261c        0x0
                0x000000000800261c                . = ALIGN (0x4)
 *(.ARM.extab* .gnu.linkonce.armextab.*)
                0x000000000800261c                . = ALIGN (0x4)

.ARM            0x000000000800261c        0x0
                0x000000000800261c                . = ALIGN (0x4)
                0x000000000800261c                __exidx_start = .
 *(.ARM.exidx*)
                0x000000000800261c                __exidx_end = .
                0x000000000800261c                . = ALIGN (0x4)

.preinit_array  0x000000000800261c        0x0
                0x000000000800261c                . = ALIGN (0x4)
                0x000000000800261c                PROVIDE (__preinit_array_start = .)
 *(.preinit_array*)
                0x000000000800261c                PROVIDE (__preinit_array_end = .)
                0x000000000800261c                . = ALIGN (0x4)

.init_array     0x000000000800261c        0x4
                0x000000000800261c                . = ALIGN (0x4)
                0x000000000800261c                PROVIDE (__init_array_start = .)
 *(SORT_BY_NAME(.init_array.*))
 *(.init_array*)
 .init_array    0x000000000800261c        0x4 c:/st/stm32cubeide_1.3.0/stm32cubeide/plugins/com.st.stm32cube.ide.mcu.externaltools.gnu-tools-for-stm32.7-2018-q2-update.win32_1.4.0.202007081208/tools/bin/../lib/gcc/arm-none-eabi/7.3.1/thumb/v7e-m/fpv4-sp/hard/crtbegin.o
                0x0000000008002620                PROVIDE (__init_array_end = .)
                0x0000000008002620                . = ALIGN (0x4)

.fini_array     0x0000000008002620        0x4
                0x0000000008002620                . = ALIGN (0x4)
                [!provide]                        PROVIDE (__fini_array_start = .)
 *(SORT_BY_NAME(.fini_array.*))
 *(.fini_array*)
 .fini_array    0x0000000008002620        0x4 c:/st/stm32cubeide_1.3.0/stm32cubeide/plugins/com.st.stm32cube.ide.mcu.externaltools.gnu-tools-for-stm32.7-2018-q2-update.win32_1.4.0.202007081208/tools/bin/../lib/gcc/arm-none-eabi/7.3.1/thumb/v7e-m/fpv4-sp/hard/crtbegin.o
                [!provide]                        PROVIDE (__fini_array_end = .)
                0x0000000008002624                . = ALIGN (0x4)
                0x0000000008002624                _sidata = LOADADDR (.data)

.data           0x0000000020000000        0x4 load address 0x0000000008002624
                0x0000000020000000                . = ALIGN (0x4)
                0x0000000020000000                _sdata = .
 *(.data)
 *(.data*)
 .data.SystemCoreClock
                0x0000000020000000        0x4 Core/Src/system_stm32f3xx.o
                0x0000000020000000                SystemCoreClock
                0x0000000020000004                . = ALIGN (0x4)
                0x0000000020000004                _edata = .

.igot.plt       0x0000000020000004        0x0 load address 0x0000000008002628
 .igot.plt      0x0000000020000004        0x0 c:/st/stm32cubeide_1.3.0/stm32cubeide/plugins/com.st.stm32cube.ide.mcu.externaltools.gnu-tools-for-stm32.7-2018-q2-update.win32_1.4.0.202007081208/tools/bin/../lib/gcc/arm-none-eabi/7.3.1/thumb/v7e-m/fpv4-sp/hard/crtbegin.o
                0x0000000020000004                . = ALIGN (0x4)

.bss            0x0000000020000004      0x144 load address 0x0000000008002628
                0x0000000020000004                _sbss = .
                0x0000000020000004                __bss_start__ = _sbss
 *(.bss)
 .bss           0x0000000020000004       0x1c c:/st/stm32cubeide_1.3.0/stm32cubeide/plugins/com.st.stm32cube.ide.mcu.externaltools.gnu-tools-for-stm32.7-2018-q2-update.win32_1.4.0.202007081208/tools/bin/../lib/gcc/arm-none-eabi/7.3.1/thumb/v7e-m/fpv4-sp/hard/crtbegin.o
 *(.bss*)
 .bss.stage_tx_buff
                0x0000000020000020        0x1 Core/Src/main.o
                0x0000000020000020                stage_tx_buff
 *(COMMON)
 *fill*         0x0000000020000021        0x3 
 COMMON         0x0000000020000024      0x121 Core/Src/main.o
                0x0000000020000024                rx_buffer
                0x0000000020000124                tx_buffer
                0x0000000020000144                mode
                0x0000000020000148                . = ALIGN (0x4)
 *fill*         0x0000000020000145        0x3 
                0x0000000020000148                _ebss = .
                0x0000000020000148                __bss_end__ = _ebss

._user_heap_stack
                0x0000000020000148      0x600 load address 0x0000000008002628
                0x0000000020000148                . = ALIGN (0x8)
                [!provide]                        PROVIDE (end = .)
                0x0000000020000148                PROVIDE (_end = .)
                0x0000000020000348                . = (. + _Min_Heap_Size)
 *fill*         0x0000000020000148      0x200 
                0x0000000020000748                . = (. + _Min_Stack_Size)
 *fill*         0x0000000020000348      0x400 
                0x0000000020000748                . = ALIGN (0x8)

/DISCARD/
 libc.a(*)
 libm.a(*)
 libgcc.a(*)

.ARM.attributes
                0x0000000000000000       0x30
 *(.ARM.attributes)
 .ARM.attributes
                0x0000000000000000       0x22 c:/st/stm32cubeide_1.3.0/stm32cubeide/plugins/com.st.stm32cube.ide.mcu.externaltools.gnu-tools-for-stm32.7-2018-q2-update.win32_1.4.0.202007081208/tools/bin/../lib/gcc/arm-none-eabi/7.3.1/thumb/v7e-m/fpv4-sp/hard/crti.o
 .ARM.attributes
                0x0000000000000022       0x34 c:/st/stm32cubeide_1.3.0/stm32cubeide/plugins/com.st.stm32cube.ide.mcu.externaltools.gnu-tools-for-stm32.7-2018-q2-update.win32_1.4.0.202007081208/tools/bin/../lib/gcc/arm-none-eabi/7.3.1/thumb/v7e-m/fpv4-sp/hard/crtbegin.o
 .ARM.attributes
                0x0000000000000056       0x39 Core/Src/main.o
 .ARM.attributes
                0x000000000000008f       0x39 Core/Src/stm32f3xx_it.o
 .ARM.attributes
                0x00000000000000c8       0x39 Core/Src/system_stm32f3xx.o
 .ARM.attributes
                0x0000000000000101       0x21 Core/Startup/startup_stm32f303k8tx.o
 .ARM.attributes
                0x0000000000000122       0x39 Drivers/STM32F3xx_HAL_Driver/Src/stm32f3xx_ll_gpio.o
 .ARM.attributes
                0x000000000000015b       0x39 Drivers/STM32F3xx_HAL_Driver/Src/stm32f3xx_ll_rcc.o
 .ARM.attributes
                0x0000000000000194       0x39 Drivers/STM32F3xx_HAL_Driver/Src/stm32f3xx_ll_tim.o
 .ARM.attributes
                0x00000000000001cd       0x39 Drivers/STM32F3xx_HAL_Driver/Src/stm32f3xx_ll_usart.o
 .ARM.attributes
                0x0000000000000206       0x39 Drivers/STM32F3xx_HAL_Driver/Src/stm32f3xx_ll_utils.o
 .ARM.attributes
                0x000000000000023f       0x34 c:/st/stm32cubeide_1.3.0/stm32cubeide/plugins/com.st.stm32cube.ide.mcu.externaltools.gnu-tools-for-stm32.7-2018-q2-update.win32_1.4.0.202007081208/tools/bin/../lib/gcc/arm-none-eabi/7.3.1/../../../../arm-none-eabi/lib/thumb/v7e-m/fpv4-sp/hard\libc_nano.a(lib_a-init.o)
 .ARM.attributes
                0x0000000000000273       0x22 c:/st/stm32cubeide_1.3.0/stm32cubeide/plugins/com.st.stm32cube.ide.mcu.externaltools.gnu-tools-for-stm32.7-2018-q2-update.win32_1.4.0.202007081208/tools/bin/../lib/gcc/arm-none-eabi/7.3.1/thumb/v7e-m/fpv4-sp/hard\libgcc.a(_arm_addsubdf3.o)
 .ARM.attributes
                0x0000000000000295       0x22 c:/st/stm32cubeide_1.3.0/stm32cubeide/plugins/com.st.stm32cube.ide.mcu.externaltools.gnu-tools-for-stm32.7-2018-q2-update.win32_1.4.0.202007081208/tools/bin/../lib/gcc/arm-none-eabi/7.3.1/thumb/v7e-m/fpv4-sp/hard\libgcc.a(_arm_muldivdf3.o)
 .ARM.attributes
                0x00000000000002b7       0x22 c:/st/stm32cubeide_1.3.0/stm32cubeide/plugins/com.st.stm32cube.ide.mcu.externaltools.gnu-tools-for-stm32.7-2018-q2-update.win32_1.4.0.202007081208/tools/bin/../lib/gcc/arm-none-eabi/7.3.1/thumb/v7e-m/fpv4-sp/hard\libgcc.a(_arm_cmpdf2.o)
 .ARM.attributes
                0x00000000000002d9       0x22 c:/st/stm32cubeide_1.3.0/stm32cubeide/plugins/com.st.stm32cube.ide.mcu.externaltools.gnu-tools-for-stm32.7-2018-q2-update.win32_1.4.0.202007081208/tools/bin/../lib/gcc/arm-none-eabi/7.3.1/thumb/v7e-m/fpv4-sp/hard\libgcc.a(_arm_fixunsdfsi.o)
 .ARM.attributes
                0x00000000000002fb       0x22 c:/st/stm32cubeide_1.3.0/stm32cubeide/plugins/com.st.stm32cube.ide.mcu.externaltools.gnu-tools-for-stm32.7-2018-q2-update.win32_1.4.0.202007081208/tools/bin/../lib/gcc/arm-none-eabi/7.3.1/thumb/v7e-m/fpv4-sp/hard/crtn.o
OUTPUT(zad_7_proba.elf elf32-littlearm)

.debug_info     0x0000000000000000     0x49ee
 .debug_info    0x0000000000000000     0x1415 Core/Src/main.o
 .debug_info    0x0000000000001415      0x462 Core/Src/stm32f3xx_it.o
 .debug_info    0x0000000000001877      0x400 Core/Src/system_stm32f3xx.o
 .debug_info    0x0000000000001c77       0x22 Core/Startup/startup_stm32f303k8tx.o
 .debug_info    0x0000000000001c99      0x7e2 Drivers/STM32F3xx_HAL_Driver/Src/stm32f3xx_ll_gpio.o
 .debug_info    0x000000000000247b      0x704 Drivers/STM32F3xx_HAL_Driver/Src/stm32f3xx_ll_rcc.o
 .debug_info    0x0000000000002b7f      0xf9d Drivers/STM32F3xx_HAL_Driver/Src/stm32f3xx_ll_tim.o
 .debug_info    0x0000000000003b1c      0x6bf Drivers/STM32F3xx_HAL_Driver/Src/stm32f3xx_ll_usart.o
 .debug_info    0x00000000000041db      0x813 Drivers/STM32F3xx_HAL_Driver/Src/stm32f3xx_ll_utils.o

.debug_abbrev   0x0000000000000000      0xf87
 .debug_abbrev  0x0000000000000000      0x2e6 Core/Src/main.o
 .debug_abbrev  0x00000000000002e6       0xf3 Core/Src/stm32f3xx_it.o
 .debug_abbrev  0x00000000000003d9      0x111 Core/Src/system_stm32f3xx.o
 .debug_abbrev  0x00000000000004ea       0x12 Core/Startup/startup_stm32f303k8tx.o
 .debug_abbrev  0x00000000000004fc      0x212 Drivers/STM32F3xx_HAL_Driver/Src/stm32f3xx_ll_gpio.o
 .debug_abbrev  0x000000000000070e      0x238 Drivers/STM32F3xx_HAL_Driver/Src/stm32f3xx_ll_rcc.o
 .debug_abbrev  0x0000000000000946      0x1ff Drivers/STM32F3xx_HAL_Driver/Src/stm32f3xx_ll_tim.o
 .debug_abbrev  0x0000000000000b45      0x1b1 Drivers/STM32F3xx_HAL_Driver/Src/stm32f3xx_ll_usart.o
 .debug_abbrev  0x0000000000000cf6      0x291 Drivers/STM32F3xx_HAL_Driver/Src/stm32f3xx_ll_utils.o

.debug_aranges  0x0000000000000000      0x678
 .debug_aranges
                0x0000000000000000      0x178 Core/Src/main.o
 .debug_aranges
                0x0000000000000178       0x80 Core/Src/stm32f3xx_it.o
 .debug_aranges
                0x00000000000001f8       0x28 Core/Src/system_stm32f3xx.o
 .debug_aranges
                0x0000000000000220       0x28 Core/Startup/startup_stm32f303k8tx.o
 .debug_aranges
                0x0000000000000248       0x70 Drivers/STM32F3xx_HAL_Driver/Src/stm32f3xx_ll_gpio.o
 .debug_aranges
                0x00000000000002b8      0x100 Drivers/STM32F3xx_HAL_Driver/Src/stm32f3xx_ll_rcc.o
 .debug_aranges
                0x00000000000003b8      0x148 Drivers/STM32F3xx_HAL_Driver/Src/stm32f3xx_ll_tim.o
 .debug_aranges
                0x0000000000000500       0x88 Drivers/STM32F3xx_HAL_Driver/Src/stm32f3xx_ll_usart.o
 .debug_aranges
                0x0000000000000588       0xf0 Drivers/STM32F3xx_HAL_Driver/Src/stm32f3xx_ll_utils.o

.debug_ranges   0x0000000000000000      0x5f0
 .debug_ranges  0x0000000000000000      0x168 Core/Src/main.o
 .debug_ranges  0x0000000000000168       0x70 Core/Src/stm32f3xx_it.o
 .debug_ranges  0x00000000000001d8       0x18 Core/Src/system_stm32f3xx.o
 .debug_ranges  0x00000000000001f0       0x20 Core/Startup/startup_stm32f303k8tx.o
 .debug_ranges  0x0000000000000210       0x60 Drivers/STM32F3xx_HAL_Driver/Src/stm32f3xx_ll_gpio.o
 .debug_ranges  0x0000000000000270       0xf0 Drivers/STM32F3xx_HAL_Driver/Src/stm32f3xx_ll_rcc.o
 .debug_ranges  0x0000000000000360      0x138 Drivers/STM32F3xx_HAL_Driver/Src/stm32f3xx_ll_tim.o
 .debug_ranges  0x0000000000000498       0x78 Drivers/STM32F3xx_HAL_Driver/Src/stm32f3xx_ll_usart.o
 .debug_ranges  0x0000000000000510       0xe0 Drivers/STM32F3xx_HAL_Driver/Src/stm32f3xx_ll_utils.o

.debug_macro    0x0000000000000000    0x15eeb
 .debug_macro   0x0000000000000000      0x15f Core/Src/main.o
 .debug_macro   0x000000000000015f      0xa90 Core/Src/main.o
 .debug_macro   0x0000000000000bef       0x2e Core/Src/main.o
 .debug_macro   0x0000000000000c1d       0x28 Core/Src/main.o
 .debug_macro   0x0000000000000c45       0x22 Core/Src/main.o
 .debug_macro   0x0000000000000c67       0x8e Core/Src/main.o
 .debug_macro   0x0000000000000cf5       0x51 Core/Src/main.o
 .debug_macro   0x0000000000000d46       0xef Core/Src/main.o
 .debug_macro   0x0000000000000e35       0x6a Core/Src/main.o
 .debug_macro   0x0000000000000e9f      0x1df Core/Src/main.o
 .debug_macro   0x000000000000107e       0x1c Core/Src/main.o
 .debug_macro   0x000000000000109a       0x22 Core/Src/main.o
 .debug_macro   0x00000000000010bc       0xdf Core/Src/main.o
 .debug_macro   0x000000000000119b      0xf07 Core/Src/main.o
 .debug_macro   0x00000000000020a2    0x10bd9 Core/Src/main.o
 .debug_macro   0x0000000000012c7b       0x43 Core/Src/main.o
 .debug_macro   0x0000000000012cbe      0x281 Core/Src/main.o
 .debug_macro   0x0000000000012f3f      0x4c2 Core/Src/main.o
 .debug_macro   0x0000000000013401       0xe1 Core/Src/main.o
 .debug_macro   0x00000000000134e2      0x29f Core/Src/main.o
 .debug_macro   0x0000000000013781       0xfe Core/Src/main.o
 .debug_macro   0x000000000001387f       0x28 Core/Src/main.o
 .debug_macro   0x00000000000138a7       0x30 Core/Src/main.o
 .debug_macro   0x00000000000138d7       0xa8 Core/Src/main.o
 .debug_macro   0x000000000001397f      0x803 Core/Src/main.o
 .debug_macro   0x0000000000014182      0x2f7 Core/Src/main.o
 .debug_macro   0x0000000000014479      0x142 Core/Src/main.o
 .debug_macro   0x00000000000145bb       0x6a Core/Src/main.o
 .debug_macro   0x0000000000014625      0x157 Core/Src/stm32f3xx_it.o
 .debug_macro   0x000000000001477c       0xc3 Core/Src/system_stm32f3xx.o
 .debug_macro   0x000000000001483f       0xff Drivers/STM32F3xx_HAL_Driver/Src/stm32f3xx_ll_gpio.o
 .debug_macro   0x000000000001493e      0x13c Drivers/STM32F3xx_HAL_Driver/Src/stm32f3xx_ll_gpio.o
 .debug_macro   0x0000000000014a7a       0xf1 Drivers/STM32F3xx_HAL_Driver/Src/stm32f3xx_ll_rcc.o
 .debug_macro   0x0000000000014b6b      0x4bc Drivers/STM32F3xx_HAL_Driver/Src/stm32f3xx_ll_rcc.o
 .debug_macro   0x0000000000015027      0x169 Drivers/STM32F3xx_HAL_Driver/Src/stm32f3xx_ll_tim.o
 .debug_macro   0x0000000000015190      0x7fd Drivers/STM32F3xx_HAL_Driver/Src/stm32f3xx_ll_tim.o
 .debug_macro   0x000000000001598d      0x132 Drivers/STM32F3xx_HAL_Driver/Src/stm32f3xx_ll_usart.o
 .debug_macro   0x0000000000015abf      0x2f1 Drivers/STM32F3xx_HAL_Driver/Src/stm32f3xx_ll_usart.o
 .debug_macro   0x0000000000015db0      0x13b Drivers/STM32F3xx_HAL_Driver/Src/stm32f3xx_ll_utils.o

.debug_line     0x0000000000000000     0x39ff
 .debug_line    0x0000000000000000      0xa10 Core/Src/main.o
 .debug_line    0x0000000000000a10      0x67b Core/Src/stm32f3xx_it.o
 .debug_line    0x000000000000108b      0x47a Core/Src/system_stm32f3xx.o
 .debug_line    0x0000000000001505       0x85 Core/Startup/startup_stm32f303k8tx.o
 .debug_line    0x000000000000158a      0x661 Drivers/STM32F3xx_HAL_Driver/Src/stm32f3xx_ll_gpio.o
 .debug_line    0x0000000000001beb      0x73d Drivers/STM32F3xx_HAL_Driver/Src/stm32f3xx_ll_rcc.o
 .debug_line    0x0000000000002328      0x959 Drivers/STM32F3xx_HAL_Driver/Src/stm32f3xx_ll_tim.o
 .debug_line    0x0000000000002c81      0x622 Drivers/STM32F3xx_HAL_Driver/Src/stm32f3xx_ll_usart.o
 .debug_line    0x00000000000032a3      0x75c Drivers/STM32F3xx_HAL_Driver/Src/stm32f3xx_ll_utils.o

.debug_str      0x0000000000000000    0x75280
 .debug_str     0x0000000000000000    0x7142a Core/Src/main.o
                                      0x71741 (size before relaxing)
 .debug_str     0x000000000007142a      0x101 Core/Src/stm32f3xx_it.o
                                      0x70d6b (size before relaxing)
 .debug_str     0x000000000007152b       0x73 Core/Src/system_stm32f3xx.o
                                      0x65205 (size before relaxing)
 .debug_str     0x000000000007159e       0x36 Core/Startup/startup_stm32f303k8tx.o
                                         0x72 (size before relaxing)
 .debug_str     0x00000000000715d4      0x673 Drivers/STM32F3xx_HAL_Driver/Src/stm32f3xx_ll_gpio.o
                                      0x66554 (size before relaxing)
 .debug_str     0x0000000000071c47      0x4fd Drivers/STM32F3xx_HAL_Driver/Src/stm32f3xx_ll_rcc.o
                                      0x679a6 (size before relaxing)
 .debug_str     0x0000000000072144     0x1c36 Drivers/STM32F3xx_HAL_Driver/Src/stm32f3xx_ll_tim.o
                                      0x6b4a4 (size before relaxing)
 .debug_str     0x0000000000073d7a      0x849 Drivers/STM32F3xx_HAL_Driver/Src/stm32f3xx_ll_usart.o
                                      0x694bb (size before relaxing)
 .debug_str     0x00000000000745c3      0xcbd Drivers/STM32F3xx_HAL_Driver/Src/stm32f3xx_ll_utils.o
                                      0x6a216 (size before relaxing)

.comment        0x0000000000000000       0x7b
 .comment       0x0000000000000000       0x7b Core/Src/main.o
                                         0x7c (size before relaxing)
 .comment       0x000000000000007b       0x7c Core/Src/stm32f3xx_it.o
 .comment       0x000000000000007b       0x7c Core/Src/system_stm32f3xx.o
 .comment       0x000000000000007b       0x7c Drivers/STM32F3xx_HAL_Driver/Src/stm32f3xx_ll_gpio.o
 .comment       0x000000000000007b       0x7c Drivers/STM32F3xx_HAL_Driver/Src/stm32f3xx_ll_rcc.o
 .comment       0x000000000000007b       0x7c Drivers/STM32F3xx_HAL_Driver/Src/stm32f3xx_ll_tim.o
 .comment       0x000000000000007b       0x7c Drivers/STM32F3xx_HAL_Driver/Src/stm32f3xx_ll_usart.o
 .comment       0x000000000000007b       0x7c Drivers/STM32F3xx_HAL_Driver/Src/stm32f3xx_ll_utils.o

.debug_frame    0x0000000000000000     0x1c28
 .debug_frame   0x0000000000000000      0x688 Core/Src/main.o
 .debug_frame   0x0000000000000688      0x190 Core/Src/stm32f3xx_it.o
 .debug_frame   0x0000000000000818       0x58 Core/Src/system_stm32f3xx.o
 .debug_frame   0x0000000000000870      0x1c0 Drivers/STM32F3xx_HAL_Driver/Src/stm32f3xx_ll_gpio.o
 .debug_frame   0x0000000000000a30      0x408 Drivers/STM32F3xx_HAL_Driver/Src/stm32f3xx_ll_rcc.o
 .debug_frame   0x0000000000000e38      0x5d0 Drivers/STM32F3xx_HAL_Driver/Src/stm32f3xx_ll_tim.o
 .debug_frame   0x0000000000001408      0x234 Drivers/STM32F3xx_HAL_Driver/Src/stm32f3xx_ll_usart.o
 .debug_frame   0x000000000000163c      0x3dc Drivers/STM32F3xx_HAL_Driver/Src/stm32f3xx_ll_utils.o
 .debug_frame   0x0000000000001a18       0x2c c:/st/stm32cubeide_1.3.0/stm32cubeide/plugins/com.st.stm32cube.ide.mcu.externaltools.gnu-tools-for-stm32.7-2018-q2-update.win32_1.4.0.202007081208/tools/bin/../lib/gcc/arm-none-eabi/7.3.1/../../../../arm-none-eabi/lib/thumb/v7e-m/fpv4-sp/hard\libc_nano.a(lib_a-init.o)
 .debug_frame   0x0000000000001a44       0xac c:/st/stm32cubeide_1.3.0/stm32cubeide/plugins/com.st.stm32cube.ide.mcu.externaltools.gnu-tools-for-stm32.7-2018-q2-update.win32_1.4.0.202007081208/tools/bin/../lib/gcc/arm-none-eabi/7.3.1/thumb/v7e-m/fpv4-sp/hard\libgcc.a(_arm_addsubdf3.o)
 .debug_frame   0x0000000000001af0       0x50 c:/st/stm32cubeide_1.3.0/stm32cubeide/plugins/com.st.stm32cube.ide.mcu.externaltools.gnu-tools-for-stm32.7-2018-q2-update.win32_1.4.0.202007081208/tools/bin/../lib/gcc/arm-none-eabi/7.3.1/thumb/v7e-m/fpv4-sp/hard\libgcc.a(_arm_muldivdf3.o)
 .debug_frame   0x0000000000001b40       0xc4 c:/st/stm32cubeide_1.3.0/stm32cubeide/plugins/com.st.stm32cube.ide.mcu.externaltools.gnu-tools-for-stm32.7-2018-q2-update.win32_1.4.0.202007081208/tools/bin/../lib/gcc/arm-none-eabi/7.3.1/thumb/v7e-m/fpv4-sp/hard\libgcc.a(_arm_cmpdf2.o)
 .debug_frame   0x0000000000001c04       0x24 c:/st/stm32cubeide_1.3.0/stm32cubeide/plugins/com.st.stm32cube.ide.mcu.externaltools.gnu-tools-for-stm32.7-2018-q2-update.win32_1.4.0.202007081208/tools/bin/../lib/gcc/arm-none-eabi/7.3.1/thumb/v7e-m/fpv4-sp/hard\libgcc.a(_arm_fixunsdfsi.o)
